// Jest Snapshot v1, https://goo.gl/fbAQLP

exports[`AuthSocialButton renders correctly 1`] = `
.c0 {
  width: 3rem;
  height: 3rem;
  border-radius: 1.5rem;
  display: -webkit-box;
  display: -webkit-flex;
  display: -ms-flexbox;
  display: flex;
  color: white;
  -webkit-align-items: center;
  -webkit-box-align: center;
  -ms-flex-align: center;
  align-items: center;
  -webkit-box-pack: center;
  -webkit-justify-content: center;
  -ms-flex-pack: center;
  justify-content: center;
  outline: none;
  border: none;
  cursor: pointer;
  -webkit-transition: 0.125s all ease-in;
  transition: 0.125s all ease-in;
}

.c0:focus {
  box-shadow: 0px 2px 12px rgba(0,0,0,0.35);
}

<div>
  <button
    class="c0"
    style="background: rgb(59, 89, 152);"
    tabindex="4"
  >
    <svg
      fill="currentColor"
      height="1em"
      stroke="currentColor"
      stroke-width="0"
      viewBox="0 0 264 512"
      width="1em"
      xmlns="http://www.w3.org/2000/svg"
    >
      <path
        d="M76.7 512V283H0v-91h76.7v-71.7C76.7 42.4 124.3 0 193.8 0c33.3 0 61.9 2.5 70.2 3.6V85h-48.2c-37.8 0-45.1 18-45.1 44.3V192H256l-11.7 91h-73.6v229"
      />
    </svg>
  </button>
</div>
`;
